INFO 2026-04-06 22:09:41,684 autoreload 292328 292332 Watching for file changes with StatReloader
WARNING 2026-04-06 22:09:46,690 log 292328 284184 Not Found: /favicon.ico
ERROR 2026-04-06 22:11:54,527 log 292328 284184 Internal Server Error: /register/
Traceback (most recent call last):
  File "C:\Users\Gayathri\Downloads\StudySync_Python313_SNS_CRUD\venv\Lib\site-packages\django\db\backends\utils.py", line 105, in _execute
    return self.cursor.execute(sql, params)
           ~~~~~~~~~~~~~~~~~~~^^^^^^^^^^^^^
  File "C:\Users\Gayathri\Downloads\StudySync_Python313_SNS_CRUD\venv\Lib\site-packages\django\db\backends\sqlite3\base.py", line 359, in execute
    return super().execute(query, params)
           ~~~~~~~~~~~~~~~^^^^^^^^^^^^^^^
sqlite3.OperationalError: no such table: timer_userprofile

The above exception was the direct cause of the following exception:

Traceback (most recent call last):
  File "C:\Users\Gayathri\Downloads\StudySync_Python313_SNS_CRUD\venv\Lib\site-packages\django\core\handlers\exception.py", line 55, in inner
    response = get_response(request)
  File "C:\Users\Gayathri\Downloads\StudySync_Python313_SNS_CRUD\venv\Lib\site-packages\django\core\handlers\base.py", line 198, in _get_response
    response = wrapped_callback(request, *callback_args, **callback_kwargs)
  File "C:\Users\Gayathri\Downloads\StudySync_Python313_SNS_CRUD\studysync\timer\views.py", line 39, in register_view
    UserProfile.objects.create(user=user)
    ~~~~~~~~~~~~~~~~~~~~~~~~~~^^^^^^^^^^^
  File "C:\Users\Gayathri\Downloads\StudySync_Python313_SNS_CRUD\venv\Lib\site-packages\django\db\models\manager.py", line 87, in manager_method
    return getattr(self.get_queryset(), name)(*args, **kwargs)
           ~~~~~~~~~~~~~~~~~~~~~~~~~~~~~~~~~~^^^^^^^^^^^^^^^^^
  File "C:\Users\Gayathri\Downloads\StudySync_Python313_SNS_CRUD\venv\Lib\site-packages\django\db\models\query.py", line 669, in create
    obj.save(force_insert=True, using=self.db)
    ~~~~~~~~^^^^^^^^^^^^^^^^^^^^^^^^^^^^^^^^^^
  File "C:\Users\Gayathri\Downloads\StudySync_Python313_SNS_CRUD\venv\Lib\site-packages\django\db\models\base.py", line 874, in save
    self.save_base(
    ~~~~~~~~~~~~~~^
        using=using,
        ^^^^^^^^^^^^
    ...<2 lines>...
        update_fields=update_fields,
        ^^^^^^^^^^^^^^^^^^^^^^^^^^^^
    )
    ^
  File "C:\Users\Gayathri\Downloads\StudySync_Python313_SNS_CRUD\venv\Lib\site-packages\django\db\models\base.py", line 966, in save_base
    updated = self._save_table(
        raw,
    ...<4 lines>...
        update_fields,
    )
  File "C:\Users\Gayathri\Downloads\StudySync_Python313_SNS_CRUD\venv\Lib\site-packages\django\db\models\base.py", line 1169, in _save_table
    results = self._do_insert(
        cls._base_manager, using, insert_fields, returning_fields, raw
    )
  File "C:\Users\Gayathri\Downloads\StudySync_Python313_SNS_CRUD\venv\Lib\site-packages\django\db\models\base.py", line 1220, in _do_insert
    return manager._insert(
           ~~~~~~~~~~~~~~~^
        [self],
        ^^^^^^^
    ...<3 lines>...
        raw=raw,
        ^^^^^^^^
    )
    ^
  File "C:\Users\Gayathri\Downloads\StudySync_Python313_SNS_CRUD\venv\Lib\site-packages\django\db\models\manager.py", line 87, in manager_method
    return getattr(self.get_queryset(), name)(*args, **kwargs)
           ~~~~~~~~~~~~~~~~~~~~~~~~~~~~~~~~~~^^^^^^^^^^^^^^^^^
  File "C:\Users\Gayathri\Downloads\StudySync_Python313_SNS_CRUD\venv\Lib\site-packages\django\db\models\query.py", line 1918, in _insert
    return query.get_compiler(using=using).execute_sql(returning_fields)
           ~~~~~~~~~~~~~~~~~~~~~~~~~~~~~~~~~~~~~~~~~~~^^^^^^^^^^^^^^^^^^
  File "C:\Users\Gayathri\Downloads\StudySync_Python313_SNS_CRUD\venv\Lib\site-packages\django\db\models\sql\compiler.py", line 1925, in execute_sql
    cursor.execute(sql, params)
    ~~~~~~~~~~~~~~^^^^^^^^^^^^^
  File "C:\Users\Gayathri\Downloads\StudySync_Python313_SNS_CRUD\venv\Lib\site-packages\django\db\backends\utils.py", line 122, in execute
    return super().execute(sql, params)
           ~~~~~~~~~~~~~~~^^^^^^^^^^^^^
  File "C:\Users\Gayathri\Downloads\StudySync_Python313_SNS_CRUD\venv\Lib\site-packages\django\db\backends\utils.py", line 79, in execute
    return self._execute_with_wrappers(
           ~~~~~~~~~~~~~~~~~~~~~~~~~~~^
        sql, params, many=False, executor=self._execute
        ^^^^^^^^^^^^^^^^^^^^^^^^^^^^^^^^^^^^^^^^^^^^^^^
    )
    ^
  File "C:\Users\Gayathri\Downloads\StudySync_Python313_SNS_CRUD\venv\Lib\site-packages\django\db\backends\utils.py", line 92, in _execute_with_wrappers
    return executor(sql, params, many, context)
  File "C:\Users\Gayathri\Downloads\StudySync_Python313_SNS_CRUD\venv\Lib\site-packages\django\db\backends\utils.py", line 100, in _execute
    with self.db.wrap_database_errors:
         ^^^^^^^^^^^^^^^^^^^^^^^^^^^^
  File "C:\Users\Gayathri\Downloads\StudySync_Python313_SNS_CRUD\venv\Lib\site-packages\django\db\utils.py", line 94, in __exit__
    raise dj_exc_value.with_traceback(traceback) from exc_value
  File "C:\Users\Gayathri\Downloads\StudySync_Python313_SNS_CRUD\venv\Lib\site-packages\django\db\backends\utils.py", line 105, in _execute
    return self.cursor.execute(sql, params)
           ~~~~~~~~~~~~~~~~~~~^^^^^^^^^^^^^
  File "C:\Users\Gayathri\Downloads\StudySync_Python313_SNS_CRUD\venv\Lib\site-packages\django\db\backends\sqlite3\base.py", line 359, in execute
    return super().execute(query, params)
           ~~~~~~~~~~~~~~~^^^^^^^^^^^^^^^
django.db.utils.OperationalError: no such table: timer_userprofile
INFO 2026-04-06 22:13:09,467 autoreload 293248 286988 Watching for file changes with StatReloader
INFO 2026-04-06 22:13:27,965 views 293248 294280 Session started: user=samronaldo123 session_id=1
INFO 2026-04-06 22:13:29,931 views 293248 294280 Session stopped: user=samronaldo123 session_id=1 duration=1s
ERROR 2026-04-06 22:13:29,936 views 293248 294280 Goal check failed for samronaldo123: User has no profile.
INFO 2026-04-06 22:17:46,465 autoreload 290652 292624 Watching for file changes with StatReloader
INFO 2026-04-06 22:20:07,642 autoreload 89108 138816 Watching for file changes with StatReloader
WARNING 2026-04-06 22:22:01,108 log 89108 294204 Forbidden (CSRF token from POST incorrect.): /accounts/login/
INFO 2026-04-10 22:39:33,712 autoreload 159960 159964 Watching for file changes with StatReloader
WARNING 2026-04-10 22:39:39,883 log 159960 162300 Not Found: /favicon.ico
INFO 2026-04-10 22:40:02,741 views 159960 162904 Session deleted: user=samronaldo123 session_id=1
